// Jest Snapshot v1, https://goo.gl/fbAQLP

exports[`Purebas para el componente <GifGridItem /> Debe renderizar el componente <GifGridItem /> 1`] = `
<div
  className="card animate__animated animate__fadeIn"
>
  <img
    alt="Un titulo"
    src="https://localhosto/img.png"
  />
  <p>
    Un titulo
  </p>
</div>
`;
